commit ca5dd80a427a4133dfb6b7879d018b87e34a05fd
Author: Brandon Essex <essex.brandon@gmail.com>
Date:   Tue May 27 21:55:11 2025 -0400

    ðŸŒŸ Patch 25.99z â€“ Golden Image: PrismX stable post-settings and Zen fixes
